INFO - ==== Starting the llm fix ====
INFO - +--------------------------------------+
ERROR - tests/ressources/unital_assert.dfy(21,0): Error: a postcondition could not be proved on this return path
   |
21 | {
   | ^

tests/ressources/unital_assert.dfy(20,14): Related location: this is the postcondition that could not be proved
   |
20 |       ensures unit1 == unit2
   |               ^^^^^^^^^^^^^^


Dafny program verifier finished with 0 verified, 1 error

INFO - Prompt length: 1014
INFO - SUCCESS: Second method verifies, and the first one does not.
INFO - Success rate: 1/1
